Microsoft Windows [Version 10.0.18363.657]
(c) 2019 Microsoft Corporation. All rights reserved.

C:\Users\SOHRAB>cd C:\SOHRAB\sts-4.4.1.RELEASE\workspace\Git\spring-cloud-config-store

C:\SOHRAB\sts-4.4.1.RELEASE\workspace\Git\spring-cloud-config-store>git add -A

C:\SOHRAB\sts-4.4.1.RELEASE\workspace\Git\spring-cloud-config-store>git commit -m "updated"
[master 165b49e] updated
 2 files changed, 13 insertions(+), 12 deletions(-)
 create mode 100644 service-config/profile-service/application.yml

C:\SOHRAB\sts-4.4.1.RELEASE\workspace\Git\spring-cloud-config-store>git push origin master
To https://github.com/Sohrab5129/spring-cloud-config-store.git
 ! [rejected]        master -> master (fetch first)
error: failed to push some refs to 'https://github.com/Sohrab5129/spring-cloud-config-store.git'
hint: Updates were rejected because the remote contains work that you do
hint: not have locally. This is usually caused by another repository pushing
hint: to the same ref. You may want to first integrate the remote changes
hint: (e.g., 'git pull ...') before pushing again.
hint: See the 'Note about fast-forwards' in 'git push --help' for details.

C:\SOHRAB\sts-4.4.1.RELEASE\workspace\Git\spring-cloud-config-store>git pull
remote: Enumerating objects: 7, done.
remote: Counting objects: 100% (7/7), done.
remote: Compressing objects: 100% (4/4), done.
remote: Total 5 (delta 2), reused 0 (delta 0), pack-reused 0
Unpacking objects: 100% (5/5), done.
From https://github.com/Sohrab5129/spring-cloud-config-store
   bb78aa6..fa84241  master     -> origin/master
CONFLICT (modify/delete): application.yml deleted in fa8424109801b45db1230d89b23dfc9a3df99af5 and modified in HEAD. Version HEAD of application.yml left in tree.
Automatic merge failed; fix conflicts and then commit the result.

C:\SOHRAB\sts-4.4.1.RELEASE\workspace\Git\spring-cloud-config-store>git push origin master
To https://github.com/Sohrab5129/spring-cloud-config-store.git
 ! [rejected]        master -> master (non-fast-forward)
error: failed to push some refs to 'https://github.com/Sohrab5129/spring-cloud-config-store.git'
hint: Updates were rejected because the tip of your current branch is behind
hint: its remote counterpart. Integrate the remote changes (e.g.
hint: 'git pull ...') before pushing again.
hint: See the 'Note about fast-forwards' in 'git push --help' for details.

C:\SOHRAB\sts-4.4.1.RELEASE\workspace\Git\spring-cloud-config-store>git pull
error: Pulling is not possible because you have unmerged files.
hint: Fix them up in the work tree, and then use 'git add/rm <file>'
hint: as appropriate to mark resolution and make a commit.
fatal: Exiting because of an unresolved conflict.

C:\SOHRAB\sts-4.4.1.RELEASE\workspace\Git\spring-cloud-config-store>git fetch origin

C:\SOHRAB\sts-4.4.1.RELEASE\workspace\Git\spring-cloud-config-store>git add -A

C:\SOHRAB\sts-4.4.1.RELEASE\workspace\Git\spring-cloud-config-store>git commit -m "updated"
[master 5245f51] updated

C:\SOHRAB\sts-4.4.1.RELEASE\workspace\Git\spring-cloud-config-store>git push origin master
Enumerating objects: 10, done.
Counting objects: 100% (10/10), done.
Delta compression using up to 8 threads
Compressing objects: 100% (4/4), done.
Writing objects: 100% (7/7), 780 bytes | 111.00 KiB/s, done.
Total 7 (delta 2), reused 0 (delta 0)
remote: Resolving deltas: 100% (2/2), completed with 1 local object.
